// Jest Snapshot v1, https://goo.gl/fbAQLP

exports[`ButtonGroup renders with automation attribute 1`] = `
.c0 {
  display: -webkit-box;
  display: -webkit-flex;
  display: -ms-flexbox;
  display: flex;
  -webkit-box-pack: start;
  -webkit-justify-content: flex-start;
  -ms-flex-pack: start;
  justify-content: flex-start;
}

.c0 .cosmos-tooltip {
  left: 40%;
}

.c0 .sc-gqjmRU {
  margin-right: 8px;
}

<div
  className="c0"
  data-cosmos-key="button-group"
/>
`;
