// Jest Snapshot v1, https://goo.gl/fbAQLP

exports[`List renders with automation attribute 1`] = `
.c0 {
  margin: 32px 0;
}

.c1 {
  border-top: 1px solid #DDD;
  padding: 16px 8px;
}

.c1:hover {
  background: #FAFAFA;
}

<div
  className="c0"
  data-cosmos-key="list"
>
  <div
    className="c1"
    data-cosmos-key="list.item"
  >
    <div>
      element
    </div>
  </div>
</div>
`;
