// Jest Snapshot v1, https://goo.gl/fbAQLP

exports[`Tabs renders with automation attribute 1`] = `
.c0 {
  border-bottom: 1px solid #D9D9D9;
  display: -webkit-box;
  display: -webkit-flex;
  display: -ms-flexbox;
  display: flex;
}

.c0:last-child {
  margin-right: 0;
}

.c1 {
  display: block;
  padding: 16px 0;
  margin-right: 32px;
  color: #0a84ae;
  cursor: pointer;
  border-bottom: 1px solid transparent;
  margin-bottom: -1px;
}

.c1:hover {
  color: #053b4e;
}

<nav
  className=""
  data-cosmos-key="tabs"
>
  <ul
    className="c0"
  >
    <li
      className=""
    >
      <a
        className="c1"
        data-cosmos-key="tabs.item"
        onClick={[Function]}
        selected={false}
      >
        Tab 1
      </a>
    </li>
  </ul>
</nav>
`;
