// Jest Snapshot v1, https://goo.gl/fbAQLP

exports[`Tag renders with automation attribute group of Tags 1`] = `
.c0 .c1 {
  margin-right: 8px;
}

.c0 .c1:last-child {
  margin-right: 0;
}

<div
  className="c0"
  data-cosmos-key="tag.group"
/>
`;

exports[`Tag renders with automation attribute single Tag 1`] = `
.c0 {
  display: inline-block;
  font-size: 13px;
  color: #3BC0F2;
  line-height: 1;
  padding: 4px 8px;
  background: #DBF4FD;
  border: 1px solid #3BC0F2;
  border-radius: 3px;
  cursor: inherit;
}

.c0 .sc-bwzfXH {
  cursor: pointer;
  stroke: #3BC0F2;
  margin-left: 8px;
}

<span
  className="c0"
  data-cosmos-key="tag"
/>
`;
